#Поскольку на определенных железках механизмы обхода ограничены
#Тут лежит короткий список для разблокировки
#
#Варез, трекеры, клубничка
#
hdrezka.ag
hdrezka.ac
hdrezka.me
rezka.ag
rezka.my
rezkify.com
rutracker.org
static.rutracker.cc
rutracker.cc
rutracker.net
rutracker.wiki
nnmclub.to
nnmstatic.win
4pda.to
4pna.com
adguard.com
adobe.com
ficbook.net
flibusta.is
flibusta.net
kinozal.tv
kinozal.guru
knowyourmeme.com
medium.com
pornhub.com
pornhub.org
pornolab.net
static.pornolab.net
#
#Пидорасы из разных компаний блочащих загрузки
#
intel.com
intel.de
intel.nl
install.launcher.omniverse.nvidia.com
jetbrains.com
jetbrains.space
notepad-plus-plus.org
oracle.com
tmdb-image-prod.b-cdn.net
tmdb.com
tmdb.org
vmware.com
#
#Ютуб
#
youtube.com
googlevideo.com
youtubei.googleapis.com
i.ytimg.com
ytimg.com
yt3.ggpht.com
yle.fi
youtu.be
youtube-nocookie.com
youtube-ui.l.google.com
youtube.com
youtubeembeddedplayer.googleapis.com
youtubei.googleapis.com
youtubekids.com
yt-video-upload.l.google.com
ytimg.l.google.com
#
#Инста
#
graph.instagram.com
api.instagram.com
cdn.instagram.com
instagram.com
cdninstagram.com
static.cdninstagram.com
scontent.cdninstagram.com
#
#Meta для квеста и т п
#
meta.com
oculus.com
facebook.com
fbcdn.net
fbsbx.com
fb.com
messenger.com
static.xx.fbcdn.net
fbcdn.net
#
#xwitter
#
twitter.com
abs-0.twimg.com
abs-zero.twimg.com
abs.twimg.com
cdn.syndication.twimg.com
oem.twimg.com
pbs.twimg.com
syndication.twimg.com
ton.twimg.com
video-ft.twimg.com
video.twimg.com
t.co
x.com
#
#Дискорд
#
discord-activities.com
discord-attachments-uploads-prd.storage.googleapis.com
discord.co
discord.com
discord.design
discord.dev
discord.gg
discord.gift
discord.gifts
discord.media
discord.new
discord.store
discord.tools
discordactivities.com
discordapp.com
discordapp.net
discordmerch.com
discordpartygames.com
discordsays.com
#
#Плеймаркет
#
#play.google.com
#
#Для проверки адреса VPN
#
2ip.ru
static.2ip.io
#
#Нейросети всякие
#
chatgpt.com
chat.openai.com.cdn.cloudflare.net
#
#Обход Microsoft втч для XBOX
#
addr.tools
account.live.com
account.microsoft.com
accounts.xboxlive.com
cp.microsoft.com
device.auth.xboxlive.com
digicert.com
#Есть стойкое ощущение что это гонит трафик к закачкам через тунель, а этого нам не надо
#dlassets-ssl.xboxlive.com
images-eds-ssl.xboxlive.com
gamepass.com
gfx.ms
login.live.com
mgt.xboxlive.com
microsoftonline.com
mp.microsoft.com
msftauth.net
msn.com
packages.xboxlive.com
pmservices.cp.microsoft.com
rta.xboxlive.com
title.auth.xboxlive.com
titlestorage.xboxlive.com
user.auth.xboxlive.com
xbl-smooth.xboxlive.com
xbox.com
xboxab.com
teal.xboxservices.com
silver.xboxservices.com
xsts.auth.xboxlive.com
login.microsoftonline.com
substrate.office.com
augloop.office.com
office.com
m365.cloud.microsoft
cloud.microsoft
connectivity.office.com
substrate.svc.cloud.microsoft
connectivity-prod.service.signalr.net
sdk.virtualearth.net
dev.virtualearth.net
outlook.office365.com
augloop.office.com
fpc.msedge.net
msedge.net
copilot.cloud.microsoft
copilot.microsoft.com
